version https://git-lfs.github.com/spec/v1
oid sha256:0077c553ae28326ef59c06e3743a6ddf5e046d9482eb9becfa8e06ff5bd37e2e
size 606
