version https://git-lfs.github.com/spec/v1
oid sha256:81b46c8691e5f38eb7bb657a7e9107a0416ad88bf141e0d1fc42bea3499d4ea3
size 797
