version https://git-lfs.github.com/spec/v1
oid sha256:45dfffe1e238a1f3b4415239fba22b9dda57b660ced8594c1bce69fb9ae534c9
size 84
