version https://git-lfs.github.com/spec/v1
oid sha256:acdfb818d7a349c046cfd8d52fbc06892578a88ef9a171a7aded856b0387d0a6
size 92
