version https://git-lfs.github.com/spec/v1
oid sha256:8be8f42061d87f1a3072108604201f49a7e1942f754a174fea856f2e4b98e3ab
size 506
