version https://git-lfs.github.com/spec/v1
oid sha256:39de99c00960b9356996859dfbc79b3ebec6aa1d3e821a1b4bf1b80168e78b70
size 1387
